[fota.io/index.html]
[backblue.gif]
[fade.gif]
[index.html]
[fota.io/assets/images/favicon.ico]
[stackpath.bootstrapcdn.com/bootstrap/4.5.2/css/bootstrap.min.css]
[fota.io/assets/css/font-awesome/all.min.css]
[unpkg.com/aos@2.3.1/dist/aos.css]
[cdnjs.cloudflare.com/ajax/libs/slick-carousel/1.8.1/slick.min.css]
[fota.io/assets/css/spine-player.min.css]
[fota.io/assets/css/google-fonts.css]
[fota.io/assets/css/styles.min.css]
[fota.io/assets/css/custom.css]
[fota.io/assets/images/logo.png]
[fota.io/assets/images/fota-large-img.png]
[fota.io/assets/images/hero-banner.jpg]
[fota.io/assets/images/worlds-bg.png]
[fota.io/assets/images/heroes-bg.png]
[fota.io/assets/images/hero-selection-bg.png]
[fota.io/assets/images/coming-soon.png]
[fota.io/assets/images/skills/ciara/Skill_01.mp4]
[fota.io/assets/images/skills/ciara/Skill_02.mp4]
[fota.io/assets/images/skills/ciara/Skill_03.mp4]
[fota.io/assets/images/skills/zel/Skill_01.mp4]
[fota.io/assets/images/skills/zel/Skill_02.mp4]
[fota.io/assets/images/skills/zel/Skill_03.mp4]
[fota.io/assets/images/lands-bg.png]
[fota.io/assets/images/epic-story-bg.jpg]
[fota.io/assets/images/roadmap-bg.png]
[fota.io/assets/images/join-the-flight.png]
[fota.io/assets/images/footer-bg.png]
[fota.io/assets/js/jquery-3.6.0.min.js]
[stackpath.bootstrapcdn.com/bootstrap/4.5.2/js/bootstrap.min.js]
[cdnjs.cloudflare.com/ajax/libs/slick-carousel/1.8.1/slick.min.js]
[unpkg.com/aos@2.3.1/dist/aos.js]
[fota.io/assets/js/spine-player.min.js]
[fota.io/assets/js/jquery.lazy.min.js]
[fota.io/index.html]
[stackpath.bootstrapcdn.com/bootstrap/4.5.2/css/bootstrap.min.css]
[fota.io/assets/js/app.js]
[fota.io/assets/css/webfonts/fa-brands-400.eot]
[fota.io/assets/css/webfonts/fa-brands-400d41d.eot]
[fota.io/assets/css/webfonts/fa-brands-400.woff2]
[fota.io/assets/css/webfonts/fa-brands-400.woff]
[fota.io/assets/css/webfonts/fa-brands-400.ttf]
[fota.io/assets/css/webfonts/fa-regular-400.eot]
[fota.io/assets/css/webfonts/fa-regular-400d41d.eot]
[fota.io/assets/css/webfonts/fa-regular-400.woff2]
[fota.io/assets/css/webfonts/fa-regular-400.woff]
[fota.io/assets/css/webfonts/fa-regular-400.ttf]
[fota.io/assets/css/webfonts/fa-solid-900.eot]
[fota.io/assets/css/webfonts/fa-solid-900d41d.eot]
[fota.io/assets/css/webfonts/fa-solid-900.woff2]
[fota.io/assets/css/webfonts/fa-solid-900.woff]
[fota.io/assets/css/webfonts/fa-solid-900.ttf]
[fota.io/assets/css/font-awesome/all.min.css]
[unpkg.com/aos@2.3.1/dist/aos.css]
[cdnjs.cloudflare.com/ajax/libs/slick-carousel/1.8.1/slick.min.css]
[fota.io/assets/css/spine-player.min.css]
[fota.io/assets/css/google-fonts.css]
[cdnjs.cloudflare.com/ajax/libs/font-awesome/5.15.3/css/all.min.css]
[cdn.jsdelivr.net/npm/slick-carousel@1.8.1/slick/slick.css]
[esotericsoftware.com/files/spine-player/4.0/spine-player.css]
[fota.io/assets/images/fota-large-btn.png]
[fota.io/assets/images/title-bg.png]
[fota.io/assets/css/fonts/icomoon11f7.eot]
[fota.io/assets/css/fonts/icomoon11f7.ttf]
[fota.io/assets/css/fonts/icomoon11f7.woff]
[fota.io/assets/images/comming-bg.webp]
[fota.io/assets/images/hand-bg.webp]
[fota.io/assets/images/inner-frame.png]
[fota.io/assets/images/village-selection-bg.png]
[fota.io/assets/images/iceland-selection-bg.png]
[fota.io/assets/images/forrest-selection-bg.png]
[fota.io/assets/images/lava-selection-bg.png]
[fota.io/assets/images/skill-coming-soon.png]
[fota.io/assets/images/skill-ultimate-coming-soon.png]
[fota.io/assets/images/roadmap-item-container.png]
[fota.io/assets/images/hr-line.png]
[fota.io/assets/images/modal-top-bg.png]
[fota.io/assets/images/modal-bottom-bg.png]
[fota.io/assets/images/social-icon-bg.png]
[fota.io/assets/css/styles.min.css]
[fota.io/assets/css/custom.css]
[fota.io/assets/css/webfonts/fa-brands-400.svg]
[fota.io/assets/css/webfonts/fa-regular-400.svg]
[fota.io/assets/css/webfonts/fa-solid-900.svg]
[cdnjs.cloudflare.com/ajax/libs/font-awesome/5.15.3/css/all.min.css]
[cdn.jsdelivr.net/npm/slick-carousel@1.8.1/slick/slick.css]
[esotericsoftware.com/files/spine-player/4.0/spine-player.css]
[fota.io/assets/css/fonts/icomoon11f7.svg]
